11:16:24 **** Incremental Build of configuration Debug for project cv9 ****
make -j4 all 
arm-none-eabi-gcc "../Core/Src/main.c" -mcpu=cortex-m4 -std=gnu11 -g3 -DDEBUG -DUSE_HAL_DRIVER -DSTM32F429xx -c -I../Core/Inc -I../Drivers/STM32F4xx_HAL_Driver/Inc -I../Drivers/STM32F4xx_HAL_Driver/Inc/Legacy -I../Drivers/CMSIS/Device/ST/STM32F4xx/Include -I../Drivers/CMSIS/Include -I../USB_DEVICE/App -I../USB_DEVICE/Target -I../Middlewares/ST/STM32_USB_Device_Library/Core/Inc -I../Middlewares/ST/STM32_USB_Device_Library/Class/HID/Inc -O0 -ffunction-sections -fdata-sections -Wall -fstack-usage -fcyclomatic-complexity -MMD -MP -MF"Core/Src/main.d" -MT"Core/Src/main.o" --specs=nano.specs -mfpu=fpv4-sp-d16 -mfloat-abi=hard -mthumb -o "Core/Src/main.o"
arm-none-eabi-gcc -o "cv9.elf" @"objects.list"   -mcpu=cortex-m4 -T"C:\Temp\240648\MKS\cv9\STM32F429ZITX_FLASH.ld" --specs=nosys.specs -Wl,-Map="cv9.map" -Wl,--gc-sections -static --specs=nano.specs -mfpu=fpv4-sp-d16 -mfloat-abi=hard -mthumb -Wl,--start-group -lc -lm -Wl,--end-group
Finished building target: cv9.elf
 
arm-none-eabi-size  cv9.elf 
arm-none-eabi-objdump -h -S cv9.elf  > "cv9.list"
   text	   data	    bss	    dec	    hex	filename
  35892	    284	   4164	  40340	   9d94	cv9.elf
Finished building: default.size.stdout
 
Finished building: cv9.list
 

11:16:25 Build Finished. 0 errors, 0 warnings. (took 1s.438ms)

