10:33:58 **** Incremental Build of configuration Debug for project cv9 ****
make -j4 all 
arm-none-eabi-gcc "../Core/Src/main.c" -mcpu=cortex-m4 -std=gnu11 -g3 -DDEBUG -DUSE_HAL_DRIVER -DSTM32F429xx -c -I../Core/Inc -I../Drivers/STM32F4xx_HAL_Driver/Inc -I../Drivers/STM32F4xx_HAL_Driver/Inc/Legacy -I../Drivers/CMSIS/Device/ST/STM32F4xx/Include -I../Drivers/CMSIS/Include -I../USB_DEVICE/App -I../USB_DEVICE/Target -I../Middlewares/ST/STM32_USB_Device_Library/Core/Inc -I../Middlewares/ST/STM32_USB_Device_Library/Class/HID/Inc -O0 -ffunction-sections -fdata-sections -Wall -fstack-usage -fcyclomatic-complexity -MMD -MP -MF"Core/Src/main.d" -MT"Core/Src/main.o" --specs=nano.specs -mfpu=fpv4-sp-d16 -mfloat-abi=hard -mthumb -o "Core/Src/main.o"
arm-none-eabi-gcc -o "cv9.elf" @"objects.list"   -mcpu=cortex-m4 -T"C:\Temp\240648\MKS\cv9\STM32F429ZITX_FLASH.ld" --specs=nosys.specs -Wl,-Map="cv9.map" -Wl,--gc-sections -static --specs=nano.specs -mfpu=fpv4-sp-d16 -mfloat-abi=hard -mthumb -Wl,--start-group -lc -lm -Wl,--end-group
Finished building target: cv9.elf
 
arm-none-eabi-size  cv9.elf 
arm-none-eabi-objdump -h -S cv9.elf  > "cv9.list"
   text	   data	    bss	    dec	    hex	filename
  28468	    284	   4164	  32916	   8094	cv9.elf
Finished building: default.size.stdout
 
Finished building: cv9.list
 
10:34:55 **** Incremental Build of configuration Debug for project cv9 ****
make -j4 all 
arm-none-eabi-gcc "../Core/Src/main.c" -mcpu=cortex-m4 -std=gnu11 -g3 -DDEBUG -DUSE_HAL_DRIVER -DSTM32F429xx -c -I../Core/Inc -I../Drivers/STM32F4xx_HAL_Driver/Inc -I../Drivers/STM32F4xx_HAL_Driver/Inc/Legacy -I../Drivers/CMSIS/Device/ST/STM32F4xx/Include -I../Drivers/CMSIS/Include -I../USB_DEVICE/App -I../USB_DEVICE/Target -I../Middlewares/ST/STM32_USB_Device_Library/Core/Inc -I../Middlewares/ST/STM32_USB_Device_Library/Class/HID/Inc -O0 -ffunction-sections -fdata-sections -Wall -fstack-usage -fcyclomatic-complexity -MMD -MP -MF"Core/Src/main.d" -MT"Core/Src/main.o" --specs=nano.specs -mfpu=fpv4-sp-d16 -mfloat-abi=hard -mthumb -o "Core/Src/main.o"
arm-none-eabi-gcc -o "cv9.elf" @"objects.list"   -mcpu=cortex-m4 -T"C:\Temp\240648\MKS\cv9\STM32F429ZITX_FLASH.ld" --specs=nosys.specs -Wl,-Map="cv9.map" -Wl,--gc-sections -static --specs=nano.specs -mfpu=fpv4-sp-d16 -mfloat-abi=hard -mthumb -Wl,--start-group -lc -lm -Wl,--end-group
Finished building target: cv9.elf
 
arm-none-eabi-size  cv9.elf 
arm-none-eabi-objdump -h -S cv9.elf  > "cv9.list"
   text	   data	    bss	    dec	    hex	filename
  35732	    284	   4164	  40180	   9cf4	cv9.elf
Finished building: default.size.stdout
 
Finished building: cv9.list
 
10:36:30 **** Incremental Build of configuration Debug for project cv9 ****
make -j4 all 
arm-none-eabi-gcc "../Core/Src/main.c" -mcpu=cortex-m4 -std=gnu11 -g3 -DDEBUG -DUSE_HAL_DRIVER -DSTM32F429xx -c -I../Core/Inc -I../Drivers/STM32F4xx_HAL_Driver/Inc -I../Drivers/STM32F4xx_HAL_Driver/Inc/Legacy -I../Drivers/CMSIS/Device/ST/STM32F4xx/Include -I../Drivers/CMSIS/Include -I../USB_DEVICE/App -I../USB_DEVICE/Target -I../Middlewares/ST/STM32_USB_Device_Library/Core/Inc -I../Middlewares/ST/STM32_USB_Device_Library/Class/HID/Inc -O0 -ffunction-sections -fdata-sections -Wall -fstack-usage -fcyclomatic-complexity -MMD -MP -MF"Core/Src/main.d" -MT"Core/Src/main.o" --specs=nano.specs -mfpu=fpv4-sp-d16 -mfloat-abi=hard -mthumb -o "Core/Src/main.o"
arm-none-eabi-gcc -o "cv9.elf" @"objects.list"   -mcpu=cortex-m4 -T"C:\Temp\240648\MKS\cv9\STM32F429ZITX_FLASH.ld" --specs=nosys.specs -Wl,-Map="cv9.map" -Wl,--gc-sections -static --specs=nano.specs -mfpu=fpv4-sp-d16 -mfloat-abi=hard -mthumb -Wl,--start-group -lc -lm -Wl,--end-group
Finished building target: cv9.elf
 
arm-none-eabi-size  cv9.elf 
arm-none-eabi-objdump -h -S cv9.elf  > "cv9.list"
   text	   data	    bss	    dec	    hex	filename
  35748	    284	   4164	  40196	   9d04	cv9.elf
Finished building: default.size.stdout
 
Finished building: cv9.list
 
10:37:38 **** Incremental Build of configuration Debug for project cv9 ****
make -j4 all 
arm-none-eabi-gcc "../Core/Src/main.c" -mcpu=cortex-m4 -std=gnu11 -g3 -DDEBUG -DUSE_HAL_DRIVER -DSTM32F429xx -c -I../Core/Inc -I../Drivers/STM32F4xx_HAL_Driver/Inc -I../Drivers/STM32F4xx_HAL_Driver/Inc/Legacy -I../Drivers/CMSIS/Device/ST/STM32F4xx/Include -I../Drivers/CMSIS/Include -I../USB_DEVICE/App -I../USB_DEVICE/Target -I../Middlewares/ST/STM32_USB_Device_Library/Core/Inc -I../Middlewares/ST/STM32_USB_Device_Library/Class/HID/Inc -O0 -ffunction-sections -fdata-sections -Wall -fstack-usage -fcyclomatic-complexity -MMD -MP -MF"Core/Src/main.d" -MT"Core/Src/main.o" --specs=nano.specs -mfpu=fpv4-sp-d16 -mfloat-abi=hard -mthumb -o "Core/Src/main.o"
arm-none-eabi-gcc -o "cv9.elf" @"objects.list"   -mcpu=cortex-m4 -T"C:\Temp\240648\MKS\cv9\STM32F429ZITX_FLASH.ld" --specs=nosys.specs -Wl,-Map="cv9.map" -Wl,--gc-sections -static --specs=nano.specs -mfpu=fpv4-sp-d16 -mfloat-abi=hard -mthumb -Wl,--start-group -lc -lm -Wl,--end-group
Finished building target: cv9.elf
 
arm-none-eabi-size  cv9.elf 
arm-none-eabi-objdump -h -S cv9.elf  > "cv9.list"
   text	   data	    bss	    dec	    hex	filename
  35740	    284	   4164	  40188	   9cfc	cv9.elf
Finished building: default.size.stdout
 
Finished building: cv9.list
 
10:38:29 **** Incremental Build of configuration Debug for project cv9 ****
make -j4 all 
arm-none-eabi-gcc "../Core/Src/main.c" -mcpu=cortex-m4 -std=gnu11 -g3 -DDEBUG -DUSE_HAL_DRIVER -DSTM32F429xx -c -I../Core/Inc -I../Drivers/STM32F4xx_HAL_Driver/Inc -I../Drivers/STM32F4xx_HAL_Driver/Inc/Legacy -I../Drivers/CMSIS/Device/ST/STM32F4xx/Include -I../Drivers/CMSIS/Include -I../USB_DEVICE/App -I../USB_DEVICE/Target -I../Middlewares/ST/STM32_USB_Device_Library/Core/Inc -I../Middlewares/ST/STM32_USB_Device_Library/Class/HID/Inc -O0 -ffunction-sections -fdata-sections -Wall -fstack-usage -fcyclomatic-complexity -MMD -MP -MF"Core/Src/main.d" -MT"Core/Src/main.o" --specs=nano.specs -mfpu=fpv4-sp-d16 -mfloat-abi=hard -mthumb -o "Core/Src/main.o"
arm-none-eabi-gcc -o "cv9.elf" @"objects.list"   -mcpu=cortex-m4 -T"C:\Temp\240648\MKS\cv9\STM32F429ZITX_FLASH.ld" --specs=nosys.specs -Wl,-Map="cv9.map" -Wl,--gc-sections -static --specs=nano.specs -mfpu=fpv4-sp-d16 -mfloat-abi=hard -mthumb -Wl,--start-group -lc -lm -Wl,--end-group
Finished building target: cv9.elf
 
arm-none-eabi-size  cv9.elf 
arm-none-eabi-objdump -h -S cv9.elf  > "cv9.list"
   text	   data	    bss	    dec	    hex	filename
  35740	    284	   4164	  40188	   9cfc	cv9.elf
Finished building: default.size.stdout
 
Finished building: cv9.list
 
10:41:16 **** Incremental Build of configuration Debug for project cv9 ****
make -j4 all 
arm-none-eabi-gcc "../Core/Src/main.c" -mcpu=cortex-m4 -std=gnu11 -g3 -DDEBUG -DUSE_HAL_DRIVER -DSTM32F429xx -c -I../Core/Inc -I../Drivers/STM32F4xx_HAL_Driver/Inc -I../Drivers/STM32F4xx_HAL_Driver/Inc/Legacy -I../Drivers/CMSIS/Device/ST/STM32F4xx/Include -I../Drivers/CMSIS/Include -I../USB_DEVICE/App -I../USB_DEVICE/Target -I../Middlewares/ST/STM32_USB_Device_Library/Core/Inc -I../Middlewares/ST/STM32_USB_Device_Library/Class/HID/Inc -O0 -ffunction-sections -fdata-sections -Wall -fstack-usage -fcyclomatic-complexity -MMD -MP -MF"Core/Src/main.d" -MT"Core/Src/main.o" --specs=nano.specs -mfpu=fpv4-sp-d16 -mfloat-abi=hard -mthumb -o "Core/Src/main.o"
arm-none-eabi-gcc -o "cv9.elf" @"objects.list"   -mcpu=cortex-m4 -T"C:\Temp\240648\MKS\cv9\STM32F429ZITX_FLASH.ld" --specs=nosys.specs -Wl,-Map="cv9.map" -Wl,--gc-sections -static --specs=nano.specs -mfpu=fpv4-sp-d16 -mfloat-abi=hard -mthumb -Wl,--start-group -lc -lm -Wl,--end-group
Finished building target: cv9.elf
 
arm-none-eabi-size  cv9.elf 
arm-none-eabi-objdump -h -S cv9.elf  > "cv9.list"
   text	   data	    bss	    dec	    hex	filename
  35764	    284	   4164	  40212	   9d14	cv9.elf
Finished building: default.size.stdout
 
Finished building: cv9.list
 
10:43:35 **** Incremental Build of configuration Debug for project cv9 ****
make -j4 all 
arm-none-eabi-gcc "../Core/Src/main.c" -mcpu=cortex-m4 -std=gnu11 -g3 -DDEBUG -DUSE_HAL_DRIVER -DSTM32F429xx -c -I../Core/Inc -I../Drivers/STM32F4xx_HAL_Driver/Inc -I../Drivers/STM32F4xx_HAL_Driver/Inc/Legacy -I../Drivers/CMSIS/Device/ST/STM32F4xx/Include -I../Drivers/CMSIS/Include -I../USB_DEVICE/App -I../USB_DEVICE/Target -I../Middlewares/ST/STM32_USB_Device_Library/Core/Inc -I../Middlewares/ST/STM32_USB_Device_Library/Class/HID/Inc -O0 -ffunction-sections -fdata-sections -Wall -fstack-usage -fcyclomatic-complexity -MMD -MP -MF"Core/Src/main.d" -MT"Core/Src/main.o" --specs=nano.specs -mfpu=fpv4-sp-d16 -mfloat-abi=hard -mthumb -o "Core/Src/main.o"
arm-none-eabi-gcc -o "cv9.elf" @"objects.list"   -mcpu=cortex-m4 -T"C:\Temp\240648\MKS\cv9\STM32F429ZITX_FLASH.ld" --specs=nosys.specs -Wl,-Map="cv9.map" -Wl,--gc-sections -static --specs=nano.specs -mfpu=fpv4-sp-d16 -mfloat-abi=hard -mthumb -Wl,--start-group -lc -lm -Wl,--end-group
Finished building target: cv9.elf
 
arm-none-eabi-size  cv9.elf 
arm-none-eabi-objdump -h -S cv9.elf  > "cv9.list"
   text	   data	    bss	    dec	    hex	filename
  35780	    284	   4164	  40228	   9d24	cv9.elf
Finished building: default.size.stdout
 
Finished building: cv9.list
 
10:44:30 **** Incremental Build of configuration Debug for project cv9 ****
make -j4 all 
arm-none-eabi-gcc "../Core/Src/main.c" -mcpu=cortex-m4 -std=gnu11 -g3 -DDEBUG -DUSE_HAL_DRIVER -DSTM32F429xx -c -I../Core/Inc -I../Drivers/STM32F4xx_HAL_Driver/Inc -I../Drivers/STM32F4xx_HAL_Driver/Inc/Legacy -I../Drivers/CMSIS/Device/ST/STM32F4xx/Include -I../Drivers/CMSIS/Include -I../USB_DEVICE/App -I../USB_DEVICE/Target -I../Middlewares/ST/STM32_USB_Device_Library/Core/Inc -I../Middlewares/ST/STM32_USB_Device_Library/Class/HID/Inc -O0 -ffunction-sections -fdata-sections -Wall -fstack-usage -fcyclomatic-complexity -MMD -MP -MF"Core/Src/main.d" -MT"Core/Src/main.o" --specs=nano.specs -mfpu=fpv4-sp-d16 -mfloat-abi=hard -mthumb -o "Core/Src/main.o"
arm-none-eabi-gcc -o "cv9.elf" @"objects.list"   -mcpu=cortex-m4 -T"C:\Temp\240648\MKS\cv9\STM32F429ZITX_FLASH.ld" --specs=nosys.specs -Wl,-Map="cv9.map" -Wl,--gc-sections -static --specs=nano.specs -mfpu=fpv4-sp-d16 -mfloat-abi=hard -mthumb -Wl,--start-group -lc -lm -Wl,--end-group
Finished building target: cv9.elf
 
arm-none-eabi-size  cv9.elf 
arm-none-eabi-objdump -h -S cv9.elf  > "cv9.list"
   text	   data	    bss	    dec	    hex	filename
  35780	    284	   4164	  40228	   9d24	cv9.elf
Finished building: default.size.stdout
 
Finished building: cv9.list
 
10:46:38 **** Incremental Build of configuration Debug for project cv9 ****
make -j4 all 
arm-none-eabi-gcc "../Core/Src/main.c" -mcpu=cortex-m4 -std=gnu11 -g3 -DDEBUG -DUSE_HAL_DRIVER -DSTM32F429xx -c -I../Core/Inc -I../Drivers/STM32F4xx_HAL_Driver/Inc -I../Drivers/STM32F4xx_HAL_Driver/Inc/Legacy -I../Drivers/CMSIS/Device/ST/STM32F4xx/Include -I../Drivers/CMSIS/Include -I../USB_DEVICE/App -I../USB_DEVICE/Target -I../Middlewares/ST/STM32_USB_Device_Library/Core/Inc -I../Middlewares/ST/STM32_USB_Device_Library/Class/HID/Inc -O0 -ffunction-sections -fdata-sections -Wall -fstack-usage -fcyclomatic-complexity -MMD -MP -MF"Core/Src/main.d" -MT"Core/Src/main.o" --specs=nano.specs -mfpu=fpv4-sp-d16 -mfloat-abi=hard -mthumb -o "Core/Src/main.o"
arm-none-eabi-gcc -o "cv9.elf" @"objects.list"   -mcpu=cortex-m4 -T"C:\Temp\240648\MKS\cv9\STM32F429ZITX_FLASH.ld" --specs=nosys.specs -Wl,-Map="cv9.map" -Wl,--gc-sections -static --specs=nano.specs -mfpu=fpv4-sp-d16 -mfloat-abi=hard -mthumb -Wl,--start-group -lc -lm -Wl,--end-group
Finished building target: cv9.elf
 
arm-none-eabi-size  cv9.elf 
arm-none-eabi-objdump -h -S cv9.elf  > "cv9.list"
   text	   data	    bss	    dec	    hex	filename
  35812	    284	   4164	  40260	   9d44	cv9.elf
Finished building: default.size.stdout
 
Finished building: cv9.list
 
10:47:57 **** Incremental Build of configuration Debug for project cv9 ****
make -j4 all 
arm-none-eabi-gcc "../Core/Src/main.c" -mcpu=cortex-m4 -std=gnu11 -g3 -DDEBUG -DUSE_HAL_DRIVER -DSTM32F429xx -c -I../Core/Inc -I../Drivers/STM32F4xx_HAL_Driver/Inc -I../Drivers/STM32F4xx_HAL_Driver/Inc/Legacy -I../Drivers/CMSIS/Device/ST/STM32F4xx/Include -I../Drivers/CMSIS/Include -I../USB_DEVICE/App -I../USB_DEVICE/Target -I../Middlewares/ST/STM32_USB_Device_Library/Core/Inc -I../Middlewares/ST/STM32_USB_Device_Library/Class/HID/Inc -O0 -ffunction-sections -fdata-sections -Wall -fstack-usage -fcyclomatic-complexity -MMD -MP -MF"Core/Src/main.d" -MT"Core/Src/main.o" --specs=nano.specs -mfpu=fpv4-sp-d16 -mfloat-abi=hard -mthumb -o "Core/Src/main.o"
arm-none-eabi-gcc -o "cv9.elf" @"objects.list"   -mcpu=cortex-m4 -T"C:\Temp\240648\MKS\cv9\STM32F429ZITX_FLASH.ld" --specs=nosys.specs -Wl,-Map="cv9.map" -Wl,--gc-sections -static --specs=nano.specs -mfpu=fpv4-sp-d16 -mfloat-abi=hard -mthumb -Wl,--start-group -lc -lm -Wl,--end-group
Finished building target: cv9.elf
 
arm-none-eabi-size  cv9.elf 
arm-none-eabi-objdump -h -S cv9.elf  > "cv9.list"
   text	   data	    bss	    dec	    hex	filename
  35812	    284	   4164	  40260	   9d44	cv9.elf
Finished building: default.size.stdout
 
Finished building: cv9.list
 
10:49:34 **** Incremental Build of configuration Debug for project cv9 ****
make -j4 all 
arm-none-eabi-gcc "../Core/Src/main.c" -mcpu=cortex-m4 -std=gnu11 -g3 -DDEBUG -DUSE_HAL_DRIVER -DSTM32F429xx -c -I../Core/Inc -I../Drivers/STM32F4xx_HAL_Driver/Inc -I../Drivers/STM32F4xx_HAL_Driver/Inc/Legacy -I../Drivers/CMSIS/Device/ST/STM32F4xx/Include -I../Drivers/CMSIS/Include -I../USB_DEVICE/App -I../USB_DEVICE/Target -I../Middlewares/ST/STM32_USB_Device_Library/Core/Inc -I../Middlewares/ST/STM32_USB_Device_Library/Class/HID/Inc -O0 -ffunction-sections -fdata-sections -Wall -fstack-usage -fcyclomatic-complexity -MMD -MP -MF"Core/Src/main.d" -MT"Core/Src/main.o" --specs=nano.specs -mfpu=fpv4-sp-d16 -mfloat-abi=hard -mthumb -o "Core/Src/main.o"
arm-none-eabi-gcc -o "cv9.elf" @"objects.list"   -mcpu=cortex-m4 -T"C:\Temp\240648\MKS\cv9\STM32F429ZITX_FLASH.ld" --specs=nosys.specs -Wl,-Map="cv9.map" -Wl,--gc-sections -static --specs=nano.specs -mfpu=fpv4-sp-d16 -mfloat-abi=hard -mthumb -Wl,--start-group -lc -lm -Wl,--end-group
Finished building target: cv9.elf
 
arm-none-eabi-size  cv9.elf 
arm-none-eabi-objdump -h -S cv9.elf  > "cv9.list"
   text	   data	    bss	    dec	    hex	filename
  35812	    284	   4164	  40260	   9d44	cv9.elf
Finished building: default.size.stdout
 
Finished building: cv9.list
 
10:50:41 **** Incremental Build of configuration Debug for project cv9 ****
make -j4 all 
arm-none-eabi-gcc "../Core/Src/main.c" -mcpu=cortex-m4 -std=gnu11 -g3 -DDEBUG -DUSE_HAL_DRIVER -DSTM32F429xx -c -I../Core/Inc -I../Drivers/STM32F4xx_HAL_Driver/Inc -I../Drivers/STM32F4xx_HAL_Driver/Inc/Legacy -I../Drivers/CMSIS/Device/ST/STM32F4xx/Include -I../Drivers/CMSIS/Include -I../USB_DEVICE/App -I../USB_DEVICE/Target -I../Middlewares/ST/STM32_USB_Device_Library/Core/Inc -I../Middlewares/ST/STM32_USB_Device_Library/Class/HID/Inc -O0 -ffunction-sections -fdata-sections -Wall -fstack-usage -fcyclomatic-complexity -MMD -MP -MF"Core/Src/main.d" -MT"Core/Src/main.o" --specs=nano.specs -mfpu=fpv4-sp-d16 -mfloat-abi=hard -mthumb -o "Core/Src/main.o"
arm-none-eabi-gcc -o "cv9.elf" @"objects.list"   -mcpu=cortex-m4 -T"C:\Temp\240648\MKS\cv9\STM32F429ZITX_FLASH.ld" --specs=nosys.specs -Wl,-Map="cv9.map" -Wl,--gc-sections -static --specs=nano.specs -mfpu=fpv4-sp-d16 -mfloat-abi=hard -mthumb -Wl,--start-group -lc -lm -Wl,--end-group
Finished building target: cv9.elf
 
arm-none-eabi-size  cv9.elf 
arm-none-eabi-objdump -h -S cv9.elf  > "cv9.list"
   text	   data	    bss	    dec	    hex	filename
  35828	    284	   4164	  40276	   9d54	cv9.elf
Finished building: default.size.stdout
 
Finished building: cv9.list
 
10:51:45 **** Incremental Build of configuration Debug for project cv9 ****
make -j4 all 
arm-none-eabi-gcc "../Core/Src/main.c" -mcpu=cortex-m4 -std=gnu11 -g3 -DDEBUG -DUSE_HAL_DRIVER -DSTM32F429xx -c -I../Core/Inc -I../Drivers/STM32F4xx_HAL_Driver/Inc -I../Drivers/STM32F4xx_HAL_Driver/Inc/Legacy -I../Drivers/CMSIS/Device/ST/STM32F4xx/Include -I../Drivers/CMSIS/Include -I../USB_DEVICE/App -I../USB_DEVICE/Target -I../Middlewares/ST/STM32_USB_Device_Library/Core/Inc -I../Middlewares/ST/STM32_USB_Device_Library/Class/HID/Inc -O0 -ffunction-sections -fdata-sections -Wall -fstack-usage -fcyclomatic-complexity -MMD -MP -MF"Core/Src/main.d" -MT"Core/Src/main.o" --specs=nano.specs -mfpu=fpv4-sp-d16 -mfloat-abi=hard -mthumb -o "Core/Src/main.o"
arm-none-eabi-gcc -o "cv9.elf" @"objects.list"   -mcpu=cortex-m4 -T"C:\Temp\240648\MKS\cv9\STM32F429ZITX_FLASH.ld" --specs=nosys.specs -Wl,-Map="cv9.map" -Wl,--gc-sections -static --specs=nano.specs -mfpu=fpv4-sp-d16 -mfloat-abi=hard -mthumb -Wl,--start-group -lc -lm -Wl,--end-group
Finished building target: cv9.elf
 
arm-none-eabi-size  cv9.elf 
arm-none-eabi-objdump -h -S cv9.elf  > "cv9.list"
   text	   data	    bss	    dec	    hex	filename
  35828	    284	   4164	  40276	   9d54	cv9.elf
Finished building: default.size.stdout
 
Finished building: cv9.list
 
10:52:13 **** Incremental Build of configuration Debug for project cv9 ****
make -j4 all 
arm-none-eabi-gcc "../Core/Src/main.c" -mcpu=cortex-m4 -std=gnu11 -g3 -DDEBUG -DUSE_HAL_DRIVER -DSTM32F429xx -c -I../Core/Inc -I../Drivers/STM32F4xx_HAL_Driver/Inc -I../Drivers/STM32F4xx_HAL_Driver/Inc/Legacy -I../Drivers/CMSIS/Device/ST/STM32F4xx/Include -I../Drivers/CMSIS/Include -I../USB_DEVICE/App -I../USB_DEVICE/Target -I../Middlewares/ST/STM32_USB_Device_Library/Core/Inc -I../Middlewares/ST/STM32_USB_Device_Library/Class/HID/Inc -O0 -ffunction-sections -fdata-sections -Wall -fstack-usage -fcyclomatic-complexity -MMD -MP -MF"Core/Src/main.d" -MT"Core/Src/main.o" --specs=nano.specs -mfpu=fpv4-sp-d16 -mfloat-abi=hard -mthumb -o "Core/Src/main.o"
arm-none-eabi-gcc -o "cv9.elf" @"objects.list"   -mcpu=cortex-m4 -T"C:\Temp\240648\MKS\cv9\STM32F429ZITX_FLASH.ld" --specs=nosys.specs -Wl,-Map="cv9.map" -Wl,--gc-sections -static --specs=nano.specs -mfpu=fpv4-sp-d16 -mfloat-abi=hard -mthumb -Wl,--start-group -lc -lm -Wl,--end-group
Finished building target: cv9.elf
 
arm-none-eabi-size  cv9.elf 
arm-none-eabi-objdump -h -S cv9.elf  > "cv9.list"
   text	   data	    bss	    dec	    hex	filename
  35828	    284	   4164	  40276	   9d54	cv9.elf
Finished building: default.size.stdout
 
Finished building: cv9.list
 
10:54:36 **** Incremental Build of configuration Debug for project cv9 ****
make -j4 all 
arm-none-eabi-gcc "../Core/Src/main.c" -mcpu=cortex-m4 -std=gnu11 -g3 -DDEBUG -DUSE_HAL_DRIVER -DSTM32F429xx -c -I../Core/Inc -I../Drivers/STM32F4xx_HAL_Driver/Inc -I../Drivers/STM32F4xx_HAL_Driver/Inc/Legacy -I../Drivers/CMSIS/Device/ST/STM32F4xx/Include -I../Drivers/CMSIS/Include -I../USB_DEVICE/App -I../USB_DEVICE/Target -I../Middlewares/ST/STM32_USB_Device_Library/Core/Inc -I../Middlewares/ST/STM32_USB_Device_Library/Class/HID/Inc -O0 -ffunction-sections -fdata-sections -Wall -fstack-usage -fcyclomatic-complexity -MMD -MP -MF"Core/Src/main.d" -MT"Core/Src/main.o" --specs=nano.specs -mfpu=fpv4-sp-d16 -mfloat-abi=hard -mthumb -o "Core/Src/main.o"
../Core/Src/main.c: In function 'main':
../Core/Src/main.c:112:49: error: expected ';' before '}' token
  112 |                   draw_circle(3, 0, 50, 90, 270)
      |                                                 ^
      |                                                 ;
  113 | 
  114 |           }
      |           ~                                      
make: *** [Core/Src/subdir.mk:34: Core/Src/main.o] Error 1
"make -j4 all" terminated with exit code 2. Build might be incomplete.
10:54:42 **** Incremental Build of configuration Debug for project cv9 ****
make -j4 all 
arm-none-eabi-gcc "../Core/Src/main.c" -mcpu=cortex-m4 -std=gnu11 -g3 -DDEBUG -DUSE_HAL_DRIVER -DSTM32F429xx -c -I../Core/Inc -I../Drivers/STM32F4xx_HAL_Driver/Inc -I../Drivers/STM32F4xx_HAL_Driver/Inc/Legacy -I../Drivers/CMSIS/Device/ST/STM32F4xx/Include -I../Drivers/CMSIS/Include -I../USB_DEVICE/App -I../USB_DEVICE/Target -I../Middlewares/ST/STM32_USB_Device_Library/Core/Inc -I../Middlewares/ST/STM32_USB_Device_Library/Class/HID/Inc -O0 -ffunction-sections -fdata-sections -Wall -fstack-usage -fcyclomatic-complexity -MMD -MP -MF"Core/Src/main.d" -MT"Core/Src/main.o" --specs=nano.specs -mfpu=fpv4-sp-d16 -mfloat-abi=hard -mthumb -o "Core/Src/main.o"
arm-none-eabi-gcc -o "cv9.elf" @"objects.list"   -mcpu=cortex-m4 -T"C:\Temp\240648\MKS\cv9\STM32F429ZITX_FLASH.ld" --specs=nosys.specs -Wl,-Map="cv9.map" -Wl,--gc-sections -static --specs=nano.specs -mfpu=fpv4-sp-d16 -mfloat-abi=hard -mthumb -Wl,--start-group -lc -lm -Wl,--end-group
Finished building target: cv9.elf
 
arm-none-eabi-size  cv9.elf 
arm-none-eabi-objdump -h -S cv9.elf  > "cv9.list"
   text	   data	    bss	    dec	    hex	filename
  35844	    284	   4164	  40292	   9d64	cv9.elf
Finished building: default.size.stdout
 
Finished building: cv9.list
 
10:55:31 **** Incremental Build of configuration Debug for project cv9 ****
make -j4 all 
arm-none-eabi-gcc "../Core/Src/main.c" -mcpu=cortex-m4 -std=gnu11 -g3 -DDEBUG -DUSE_HAL_DRIVER -DSTM32F429xx -c -I../Core/Inc -I../Drivers/STM32F4xx_HAL_Driver/Inc -I../Drivers/STM32F4xx_HAL_Driver/Inc/Legacy -I../Drivers/CMSIS/Device/ST/STM32F4xx/Include -I../Drivers/CMSIS/Include -I../USB_DEVICE/App -I../USB_DEVICE/Target -I../Middlewares/ST/STM32_USB_Device_Library/Core/Inc -I../Middlewares/ST/STM32_USB_Device_Library/Class/HID/Inc -O0 -ffunction-sections -fdata-sections -Wall -fstack-usage -fcyclomatic-complexity -MMD -MP -MF"Core/Src/main.d" -MT"Core/Src/main.o" --specs=nano.specs -mfpu=fpv4-sp-d16 -mfloat-abi=hard -mthumb -o "Core/Src/main.o"
arm-none-eabi-gcc -o "cv9.elf" @"objects.list"   -mcpu=cortex-m4 -T"C:\Temp\240648\MKS\cv9\STM32F429ZITX_FLASH.ld" --specs=nosys.specs -Wl,-Map="cv9.map" -Wl,--gc-sections -static --specs=nano.specs -mfpu=fpv4-sp-d16 -mfloat-abi=hard -mthumb -Wl,--start-group -lc -lm -Wl,--end-group
Finished building target: cv9.elf
 
arm-none-eabi-size  cv9.elf 
arm-none-eabi-objdump -h -S cv9.elf  > "cv9.list"
   text	   data	    bss	    dec	    hex	filename
  35844	    284	   4164	  40292	   9d64	cv9.elf
Finished building: default.size.stdout
 
Finished building: cv9.list
 
10:56:19 **** Incremental Build of configuration Debug for project cv9 ****
make -j4 all 
arm-none-eabi-gcc "../Core/Src/main.c" -mcpu=cortex-m4 -std=gnu11 -g3 -DDEBUG -DUSE_HAL_DRIVER -DSTM32F429xx -c -I../Core/Inc -I../Drivers/STM32F4xx_HAL_Driver/Inc -I../Drivers/STM32F4xx_HAL_Driver/Inc/Legacy -I../Drivers/CMSIS/Device/ST/STM32F4xx/Include -I../Drivers/CMSIS/Include -I../USB_DEVICE/App -I../USB_DEVICE/Target -I../Middlewares/ST/STM32_USB_Device_Library/Core/Inc -I../Middlewares/ST/STM32_USB_Device_Library/Class/HID/Inc -O0 -ffunction-sections -fdata-sections -Wall -fstack-usage -fcyclomatic-complexity -MMD -MP -MF"Core/Src/main.d" -MT"Core/Src/main.o" --specs=nano.specs -mfpu=fpv4-sp-d16 -mfloat-abi=hard -mthumb -o "Core/Src/main.o"
arm-none-eabi-gcc -o "cv9.elf" @"objects.list"   -mcpu=cortex-m4 -T"C:\Temp\240648\MKS\cv9\STM32F429ZITX_FLASH.ld" --specs=nosys.specs -Wl,-Map="cv9.map" -Wl,--gc-sections -static --specs=nano.specs -mfpu=fpv4-sp-d16 -mfloat-abi=hard -mthumb -Wl,--start-group -lc -lm -Wl,--end-group
Finished building target: cv9.elf
 
arm-none-eabi-size  cv9.elf 
arm-none-eabi-objdump -h -S cv9.elf  > "cv9.list"
   text	   data	    bss	    dec	    hex	filename
  35844	    284	   4164	  40292	   9d64	cv9.elf
Finished building: default.size.stdout
 
Finished building: cv9.list
 
10:57:35 **** Incremental Build of configuration Debug for project cv9 ****
make -j4 all 
arm-none-eabi-gcc "../Core/Src/main.c" -mcpu=cortex-m4 -std=gnu11 -g3 -DDEBUG -DUSE_HAL_DRIVER -DSTM32F429xx -c -I../Core/Inc -I../Drivers/STM32F4xx_HAL_Driver/Inc -I../Drivers/STM32F4xx_HAL_Driver/Inc/Legacy -I../Drivers/CMSIS/Device/ST/STM32F4xx/Include -I../Drivers/CMSIS/Include -I../USB_DEVICE/App -I../USB_DEVICE/Target -I../Middlewares/ST/STM32_USB_Device_Library/Core/Inc -I../Middlewares/ST/STM32_USB_Device_Library/Class/HID/Inc -O0 -ffunction-sections -fdata-sections -Wall -fstack-usage -fcyclomatic-complexity -MMD -MP -MF"Core/Src/main.d" -MT"Core/Src/main.o" --specs=nano.specs -mfpu=fpv4-sp-d16 -mfloat-abi=hard -mthumb -o "Core/Src/main.o"
arm-none-eabi-gcc -o "cv9.elf" @"objects.list"   -mcpu=cortex-m4 -T"C:\Temp\240648\MKS\cv9\STM32F429ZITX_FLASH.ld" --specs=nosys.specs -Wl,-Map="cv9.map" -Wl,--gc-sections -static --specs=nano.specs -mfpu=fpv4-sp-d16 -mfloat-abi=hard -mthumb -Wl,--start-group -lc -lm -Wl,--end-group
Finished building target: cv9.elf
 
arm-none-eabi-size  cv9.elf 
arm-none-eabi-objdump -h -S cv9.elf  > "cv9.list"
   text	   data	    bss	    dec	    hex	filename
  35844	    284	   4164	  40292	   9d64	cv9.elf
Finished building: default.size.stdout
 
Finished building: cv9.list
 
10:58:23 **** Incremental Build of configuration Debug for project cv9 ****
make -j4 all 
arm-none-eabi-gcc "../Core/Src/main.c" -mcpu=cortex-m4 -std=gnu11 -g3 -DDEBUG -DUSE_HAL_DRIVER -DSTM32F429xx -c -I../Core/Inc -I../Drivers/STM32F4xx_HAL_Driver/Inc -I../Drivers/STM32F4xx_HAL_Driver/Inc/Legacy -I../Drivers/CMSIS/Device/ST/STM32F4xx/Include -I../Drivers/CMSIS/Include -I../USB_DEVICE/App -I../USB_DEVICE/Target -I../Middlewares/ST/STM32_USB_Device_Library/Core/Inc -I../Middlewares/ST/STM32_USB_Device_Library/Class/HID/Inc -O0 -ffunction-sections -fdata-sections -Wall -fstack-usage -fcyclomatic-complexity -MMD -MP -MF"Core/Src/main.d" -MT"Core/Src/main.o" --specs=nano.specs -mfpu=fpv4-sp-d16 -mfloat-abi=hard -mthumb -o "Core/Src/main.o"
arm-none-eabi-gcc -o "cv9.elf" @"objects.list"   -mcpu=cortex-m4 -T"C:\Temp\240648\MKS\cv9\STM32F429ZITX_FLASH.ld" --specs=nosys.specs -Wl,-Map="cv9.map" -Wl,--gc-sections -static --specs=nano.specs -mfpu=fpv4-sp-d16 -mfloat-abi=hard -mthumb -Wl,--start-group -lc -lm -Wl,--end-group
Finished building target: cv9.elf
 
arm-none-eabi-size  cv9.elf 
arm-none-eabi-objdump -h -S cv9.elf  > "cv9.list"
   text	   data	    bss	    dec	    hex	filename
  35844	    284	   4164	  40292	   9d64	cv9.elf
Finished building: default.size.stdout
 
Finished building: cv9.list
 
10:59:23 **** Incremental Build of configuration Debug for project cv9 ****
make -j4 all 
arm-none-eabi-gcc "../Core/Src/main.c" -mcpu=cortex-m4 -std=gnu11 -g3 -DDEBUG -DUSE_HAL_DRIVER -DSTM32F429xx -c -I../Core/Inc -I../Drivers/STM32F4xx_HAL_Driver/Inc -I../Drivers/STM32F4xx_HAL_Driver/Inc/Legacy -I../Drivers/CMSIS/Device/ST/STM32F4xx/Include -I../Drivers/CMSIS/Include -I../USB_DEVICE/App -I../USB_DEVICE/Target -I../Middlewares/ST/STM32_USB_Device_Library/Core/Inc -I../Middlewares/ST/STM32_USB_Device_Library/Class/HID/Inc -O0 -ffunction-sections -fdata-sections -Wall -fstack-usage -fcyclomatic-complexity -MMD -MP -MF"Core/Src/main.d" -MT"Core/Src/main.o" --specs=nano.specs -mfpu=fpv4-sp-d16 -mfloat-abi=hard -mthumb -o "Core/Src/main.o"
arm-none-eabi-gcc -o "cv9.elf" @"objects.list"   -mcpu=cortex-m4 -T"C:\Temp\240648\MKS\cv9\STM32F429ZITX_FLASH.ld" --specs=nosys.specs -Wl,-Map="cv9.map" -Wl,--gc-sections -static --specs=nano.specs -mfpu=fpv4-sp-d16 -mfloat-abi=hard -mthumb -Wl,--start-group -lc -lm -Wl,--end-group
Finished building target: cv9.elf
 
arm-none-eabi-size  cv9.elf 
arm-none-eabi-objdump -h -S cv9.elf  > "cv9.list"
   text	   data	    bss	    dec	    hex	filename
  35844	    284	   4164	  40292	   9d64	cv9.elf
Finished building: default.size.stdout
 
Finished building: cv9.list
 
11:00:23 **** Incremental Build of configuration Debug for project cv9 ****
make -j4 all 
arm-none-eabi-gcc "../Core/Src/main.c" -mcpu=cortex-m4 -std=gnu11 -g3 -DDEBUG -DUSE_HAL_DRIVER -DSTM32F429xx -c -I../Core/Inc -I../Drivers/STM32F4xx_HAL_Driver/Inc -I../Drivers/STM32F4xx_HAL_Driver/Inc/Legacy -I../Drivers/CMSIS/Device/ST/STM32F4xx/Include -I../Drivers/CMSIS/Include -I../USB_DEVICE/App -I../USB_DEVICE/Target -I../Middlewares/ST/STM32_USB_Device_Library/Core/Inc -I../Middlewares/ST/STM32_USB_Device_Library/Class/HID/Inc -O0 -ffunction-sections -fdata-sections -Wall -fstack-usage -fcyclomatic-complexity -MMD -MP -MF"Core/Src/main.d" -MT"Core/Src/main.o" --specs=nano.specs -mfpu=fpv4-sp-d16 -mfloat-abi=hard -mthumb -o "Core/Src/main.o"
arm-none-eabi-gcc -o "cv9.elf" @"objects.list"   -mcpu=cortex-m4 -T"C:\Temp\240648\MKS\cv9\STM32F429ZITX_FLASH.ld" --specs=nosys.specs -Wl,-Map="cv9.map" -Wl,--gc-sections -static --specs=nano.specs -mfpu=fpv4-sp-d16 -mfloat-abi=hard -mthumb -Wl,--start-group -lc -lm -Wl,--end-group
Finished building target: cv9.elf
 
arm-none-eabi-size  cv9.elf 
arm-none-eabi-objdump -h -S cv9.elf  > "cv9.list"
   text	   data	    bss	    dec	    hex	filename
  35844	    284	   4164	  40292	   9d64	cv9.elf
Finished building: default.size.stdout
 
Finished building: cv9.list
 
11:01:41 **** Incremental Build of configuration Debug for project cv9 ****
make -j4 all 
arm-none-eabi-gcc "../Core/Src/main.c" -mcpu=cortex-m4 -std=gnu11 -g3 -DDEBUG -DUSE_HAL_DRIVER -DSTM32F429xx -c -I../Core/Inc -I../Drivers/STM32F4xx_HAL_Driver/Inc -I../Drivers/STM32F4xx_HAL_Driver/Inc/Legacy -I../Drivers/CMSIS/Device/ST/STM32F4xx/Include -I../Drivers/CMSIS/Include -I../USB_DEVICE/App -I../USB_DEVICE/Target -I../Middlewares/ST/STM32_USB_Device_Library/Core/Inc -I../Middlewares/ST/STM32_USB_Device_Library/Class/HID/Inc -O0 -ffunction-sections -fdata-sections -Wall -fstack-usage -fcyclomatic-complexity -MMD -MP -MF"Core/Src/main.d" -MT"Core/Src/main.o" --specs=nano.specs -mfpu=fpv4-sp-d16 -mfloat-abi=hard -mthumb -o "Core/Src/main.o"
arm-none-eabi-gcc -o "cv9.elf" @"objects.list"   -mcpu=cortex-m4 -T"C:\Temp\240648\MKS\cv9\STM32F429ZITX_FLASH.ld" --specs=nosys.specs -Wl,-Map="cv9.map" -Wl,--gc-sections -static --specs=nano.specs -mfpu=fpv4-sp-d16 -mfloat-abi=hard -mthumb -Wl,--start-group -lc -lm -Wl,--end-group
Finished building target: cv9.elf
 
arm-none-eabi-size  cv9.elf 
arm-none-eabi-objdump -h -S cv9.elf  > "cv9.list"
   text	   data	    bss	    dec	    hex	filename
  35844	    284	   4164	  40292	   9d64	cv9.elf
Finished building: default.size.stdout
 
Finished building: cv9.list
 
11:02:51 **** Incremental Build of configuration Debug for project cv9 ****
make -j4 all 
arm-none-eabi-gcc "../Core/Src/main.c" -mcpu=cortex-m4 -std=gnu11 -g3 -DDEBUG -DUSE_HAL_DRIVER -DSTM32F429xx -c -I../Core/Inc -I../Drivers/STM32F4xx_HAL_Driver/Inc -I../Drivers/STM32F4xx_HAL_Driver/Inc/Legacy -I../Drivers/CMSIS/Device/ST/STM32F4xx/Include -I../Drivers/CMSIS/Include -I../USB_DEVICE/App -I../USB_DEVICE/Target -I../Middlewares/ST/STM32_USB_Device_Library/Core/Inc -I../Middlewares/ST/STM32_USB_Device_Library/Class/HID/Inc -O0 -ffunction-sections -fdata-sections -Wall -fstack-usage -fcyclomatic-complexity -MMD -MP -MF"Core/Src/main.d" -MT"Core/Src/main.o" --specs=nano.specs -mfpu=fpv4-sp-d16 -mfloat-abi=hard -mthumb -o "Core/Src/main.o"
arm-none-eabi-gcc -o "cv9.elf" @"objects.list"   -mcpu=cortex-m4 -T"C:\Temp\240648\MKS\cv9\STM32F429ZITX_FLASH.ld" --specs=nosys.specs -Wl,-Map="cv9.map" -Wl,--gc-sections -static --specs=nano.specs -mfpu=fpv4-sp-d16 -mfloat-abi=hard -mthumb -Wl,--start-group -lc -lm -Wl,--end-group
Finished building target: cv9.elf
 
arm-none-eabi-size  cv9.elf 
arm-none-eabi-objdump -h -S cv9.elf  > "cv9.list"
   text	   data	    bss	    dec	    hex	filename
  35852	    284	   4164	  40300	   9d6c	cv9.elf
Finished building: default.size.stdout
 
Finished building: cv9.list
 
11:03:32 **** Incremental Build of configuration Debug for project cv9 ****
make -j4 all 
arm-none-eabi-gcc "../Core/Src/main.c" -mcpu=cortex-m4 -std=gnu11 -g3 -DDEBUG -DUSE_HAL_DRIVER -DSTM32F429xx -c -I../Core/Inc -I../Drivers/STM32F4xx_HAL_Driver/Inc -I../Drivers/STM32F4xx_HAL_Driver/Inc/Legacy -I../Drivers/CMSIS/Device/ST/STM32F4xx/Include -I../Drivers/CMSIS/Include -I../USB_DEVICE/App -I../USB_DEVICE/Target -I../Middlewares/ST/STM32_USB_Device_Library/Core/Inc -I../Middlewares/ST/STM32_USB_Device_Library/Class/HID/Inc -O0 -ffunction-sections -fdata-sections -Wall -fstack-usage -fcyclomatic-complexity -MMD -MP -MF"Core/Src/main.d" -MT"Core/Src/main.o" --specs=nano.specs -mfpu=fpv4-sp-d16 -mfloat-abi=hard -mthumb -o "Core/Src/main.o"
arm-none-eabi-gcc -o "cv9.elf" @"objects.list"   -mcpu=cortex-m4 -T"C:\Temp\240648\MKS\cv9\STM32F429ZITX_FLASH.ld" --specs=nosys.specs -Wl,-Map="cv9.map" -Wl,--gc-sections -static --specs=nano.specs -mfpu=fpv4-sp-d16 -mfloat-abi=hard -mthumb -Wl,--start-group -lc -lm -Wl,--end-group
Finished building target: cv9.elf
 
arm-none-eabi-size  cv9.elf 
arm-none-eabi-objdump -h -S cv9.elf  > "cv9.list"
   text	   data	    bss	    dec	    hex	filename
  35852	    284	   4164	  40300	   9d6c	cv9.elf
Finished building: default.size.stdout
 
Finished building: cv9.list
 
11:04:31 **** Incremental Build of configuration Debug for project cv9 ****
make -j4 all 
arm-none-eabi-gcc "../Core/Src/main.c" -mcpu=cortex-m4 -std=gnu11 -g3 -DDEBUG -DUSE_HAL_DRIVER -DSTM32F429xx -c -I../Core/Inc -I../Drivers/STM32F4xx_HAL_Driver/Inc -I../Drivers/STM32F4xx_HAL_Driver/Inc/Legacy -I../Drivers/CMSIS/Device/ST/STM32F4xx/Include -I../Drivers/CMSIS/Include -I../USB_DEVICE/App -I../USB_DEVICE/Target -I../Middlewares/ST/STM32_USB_Device_Library/Core/Inc -I../Middlewares/ST/STM32_USB_Device_Library/Class/HID/Inc -O0 -ffunction-sections -fdata-sections -Wall -fstack-usage -fcyclomatic-complexity -MMD -MP -MF"Core/Src/main.d" -MT"Core/Src/main.o" --specs=nano.specs -mfpu=fpv4-sp-d16 -mfloat-abi=hard -mthumb -o "Core/Src/main.o"
arm-none-eabi-gcc -o "cv9.elf" @"objects.list"   -mcpu=cortex-m4 -T"C:\Temp\240648\MKS\cv9\STM32F429ZITX_FLASH.ld" --specs=nosys.specs -Wl,-Map="cv9.map" -Wl,--gc-sections -static --specs=nano.specs -mfpu=fpv4-sp-d16 -mfloat-abi=hard -mthumb -Wl,--start-group -lc -lm -Wl,--end-group
Finished building target: cv9.elf
 
arm-none-eabi-size  cv9.elf 
arm-none-eabi-objdump -h -S cv9.elf  > "cv9.list"
   text	   data	    bss	    dec	    hex	filename
  35852	    284	   4164	  40300	   9d6c	cv9.elf
Finished building: default.size.stdout
 
Finished building: cv9.list
 
11:08:23 **** Incremental Build of configuration Debug for project cv9 ****
make -j4 all 
arm-none-eabi-gcc "../Core/Src/main.c" -mcpu=cortex-m4 -std=gnu11 -g3 -DDEBUG -DUSE_HAL_DRIVER -DSTM32F429xx -c -I../Core/Inc -I../Drivers/STM32F4xx_HAL_Driver/Inc -I../Drivers/STM32F4xx_HAL_Driver/Inc/Legacy -I../Drivers/CMSIS/Device/ST/STM32F4xx/Include -I../Drivers/CMSIS/Include -I../USB_DEVICE/App -I../USB_DEVICE/Target -I../Middlewares/ST/STM32_USB_Device_Library/Core/Inc -I../Middlewares/ST/STM32_USB_Device_Library/Class/HID/Inc -O0 -ffunction-sections -fdata-sections -Wall -fstack-usage -fcyclomatic-complexity -MMD -MP -MF"Core/Src/main.d" -MT"Core/Src/main.o" --specs=nano.specs -mfpu=fpv4-sp-d16 -mfloat-abi=hard -mthumb -o "Core/Src/main.o"
../Core/Src/main.c: In function 'draw_circle':
../Core/Src/main.c:304:51: warning: statement with no effect [-Wunused-value]
  304 |         for (float i = start_deg; i <= stop_deg; i+0.5){
      |                                                  ~^~~~
arm-none-eabi-gcc -o "cv9.elf" @"objects.list"   -mcpu=cortex-m4 -T"C:\Temp\240648\MKS\cv9\STM32F429ZITX_FLASH.ld" --specs=nosys.specs -Wl,-Map="cv9.map" -Wl,--gc-sections -static --specs=nano.specs -mfpu=fpv4-sp-d16 -mfloat-abi=hard -mthumb -Wl,--start-group -lc -lm -Wl,--end-group
Finished building target: cv9.elf
 
arm-none-eabi-size  cv9.elf 
arm-none-eabi-objdump -h -S cv9.elf  > "cv9.list"
   text	   data	    bss	    dec	    hex	filename
  35876	    284	   4164	  40324	   9d84	cv9.elf
Finished building: default.size.stdout
 
Finished building: cv9.list
 
11:09:11 **** Incremental Build of configuration Debug for project cv9 ****
make -j4 all 
arm-none-eabi-gcc "../Core/Src/main.c" -mcpu=cortex-m4 -std=gnu11 -g3 -DDEBUG -DUSE_HAL_DRIVER -DSTM32F429xx -c -I../Core/Inc -I../Drivers/STM32F4xx_HAL_Driver/Inc -I../Drivers/STM32F4xx_HAL_Driver/Inc/Legacy -I../Drivers/CMSIS/Device/ST/STM32F4xx/Include -I../Drivers/CMSIS/Include -I../USB_DEVICE/App -I../USB_DEVICE/Target -I../Middlewares/ST/STM32_USB_Device_Library/Core/Inc -I../Middlewares/ST/STM32_USB_Device_Library/Class/HID/Inc -O0 -ffunction-sections -fdata-sections -Wall -fstack-usage -fcyclomatic-complexity -MMD -MP -MF"Core/Src/main.d" -MT"Core/Src/main.o" --specs=nano.specs -mfpu=fpv4-sp-d16 -mfloat-abi=hard -mthumb -o "Core/Src/main.o"
arm-none-eabi-gcc -o "cv9.elf" @"objects.list"   -mcpu=cortex-m4 -T"C:\Temp\240648\MKS\cv9\STM32F429ZITX_FLASH.ld" --specs=nosys.specs -Wl,-Map="cv9.map" -Wl,--gc-sections -static --specs=nano.specs -mfpu=fpv4-sp-d16 -mfloat-abi=hard -mthumb -Wl,--start-group -lc -lm -Wl,--end-group
Finished building target: cv9.elf
 
arm-none-eabi-size  cv9.elf 
arm-none-eabi-objdump -h -S cv9.elf  > "cv9.list"
   text	   data	    bss	    dec	    hex	filename
  35892	    284	   4164	  40340	   9d94	cv9.elf
Finished building: default.size.stdout
 
Finished building: cv9.list
 
11:16:24 **** Incremental Build of configuration Debug for project cv9 ****
make -j4 all 
arm-none-eabi-gcc "../Core/Src/main.c" -mcpu=cortex-m4 -std=gnu11 -g3 -DDEBUG -DUSE_HAL_DRIVER -DSTM32F429xx -c -I../Core/Inc -I../Drivers/STM32F4xx_HAL_Driver/Inc -I../Drivers/STM32F4xx_HAL_Driver/Inc/Legacy -I../Drivers/CMSIS/Device/ST/STM32F4xx/Include -I../Drivers/CMSIS/Include -I../USB_DEVICE/App -I../USB_DEVICE/Target -I../Middlewares/ST/STM32_USB_Device_Library/Core/Inc -I../Middlewares/ST/STM32_USB_Device_Library/Class/HID/Inc -O0 -ffunction-sections -fdata-sections -Wall -fstack-usage -fcyclomatic-complexity -MMD -MP -MF"Core/Src/main.d" -MT"Core/Src/main.o" --specs=nano.specs -mfpu=fpv4-sp-d16 -mfloat-abi=hard -mthumb -o "Core/Src/main.o"
arm-none-eabi-gcc -o "cv9.elf" @"objects.list"   -mcpu=cortex-m4 -T"C:\Temp\240648\MKS\cv9\STM32F429ZITX_FLASH.ld" --specs=nosys.specs -Wl,-Map="cv9.map" -Wl,--gc-sections -static --specs=nano.specs -mfpu=fpv4-sp-d16 -mfloat-abi=hard -mthumb -Wl,--start-group -lc -lm -Wl,--end-group
Finished building target: cv9.elf
 
arm-none-eabi-size  cv9.elf 
arm-none-eabi-objdump -h -S cv9.elf  > "cv9.list"
   text	   data	    bss	    dec	    hex	filename
  35892	    284	   4164	  40340	   9d94	cv9.elf
Finished building: default.size.stdout
 
Finished building: cv9.list
 
