10:37:02 **** Incremental Build of configuration Debug for project Zkouska ****
make -j16 all 
arm-none-eabi-gcc "../Core/Src/main.c" -mcpu=cortex-m0 -std=gnu11 -g3 -DDEBUG -DUSE_HAL_DRIVER -DSTM32F030x8 -c -I../Core/Inc -I../Drivers/STM32F0xx_HAL_Driver/Inc -I../Drivers/STM32F0xx_HAL_Driver/Inc/Legacy -I../Drivers/CMSIS/Device/ST/STM32F0xx/Include -I../Drivers/CMSIS/Include -O0 -ffunction-sections -fdata-sections -Wall -fstack-usage -fcyclomatic-complexity -MMD -MP -MF"Core/Src/main.d" -MT"Core/Src/main.o" --specs=nano.specs -mfloat-abi=soft -mthumb -o "Core/Src/main.o"
arm-none-eabi-gcc "../Core/Src/sct.c" -mcpu=cortex-m0 -std=gnu11 -g3 -DDEBUG -DUSE_HAL_DRIVER -DSTM32F030x8 -c -I../Core/Inc -I../Drivers/STM32F0xx_HAL_Driver/Inc -I../Drivers/STM32F0xx_HAL_Driver/Inc/Legacy -I../Drivers/CMSIS/Device/ST/STM32F0xx/Include -I../Drivers/CMSIS/Include -O0 -ffunction-sections -fdata-sections -Wall -fstack-usage -fcyclomatic-complexity -MMD -MP -MF"Core/Src/sct.d" -MT"Core/Src/sct.o" --specs=nano.specs -mfloat-abi=soft -mthumb -o "Core/Src/sct.o"
arm-none-eabi-gcc -o "Zkouska.elf" @"objects.list"   -mcpu=cortex-m0 -T"C:\Users\User\Documents\VUT\MKS\Zkouska\STM32F030R8TX_FLASH.ld" --specs=nosys.specs -Wl,-Map="Zkouska.map" -Wl,--gc-sections -static --specs=nano.specs -mfloat-abi=soft -mthumb -Wl,--start-group -lc -lm -Wl,--end-group
Finished building target: Zkouska.elf
 
arm-none-eabi-size  Zkouska.elf 
arm-none-eabi-objdump -h -S Zkouska.elf  > "Zkouska.list"
   text	   data	    bss	    dec	    hex	filename
  10828	     16	   1792	  12636	   315c	Zkouska.elf
Finished building: default.size.stdout
 
Finished building: Zkouska.list
 
10:37:06 **** Incremental Build of configuration Debug for project Zkouska ****
make -j16 all 
arm-none-eabi-size  Zkouska.elf 
   text	   data	    bss	    dec	    hex	filename
  10828	     16	   1792	  12636	   315c	Zkouska.elf
Finished building: default.size.stdout
 
