11:55:35 **** Incremental Build of configuration Debug for project cv8 ****
make -j16 all 
arm-none-eabi-gcc "../Core/Src/main.c" -mcpu=cortex-m4 -std=gnu11 -g3 -DDEBUG -DUSE_HAL_DRIVER -DSTM32F429xx -c -I../Core/Inc -I../Drivers/STM32F4xx_HAL_Driver/Inc -I../Drivers/STM32F4xx_HAL_Driver/Inc/Legacy -I../Drivers/CMSIS/Device/ST/STM32F4xx/Include -I../Drivers/CMSIS/Include -O0 -ffunction-sections -fdata-sections -Wall -fstack-usage -fcyclomatic-complexity -MMD -MP -MF"Core/Src/main.d" -MT"Core/Src/main.o" --specs=nano.specs -mfpu=fpv4-sp-d16 -mfloat-abi=hard -mthumb -o "Core/Src/main.o"
arm-none-eabi-gcc -o "cv8.elf" @"objects.list"   -mcpu=cortex-m4 -T"C:\Users\User\Documents\VUT\MKS\cv8\STM32F429ZITX_FLASH.ld" --specs=nosys.specs -Wl,-Map="cv8.map" -Wl,--gc-sections -static --specs=nano.specs -mfpu=fpv4-sp-d16 -mfloat-abi=hard -mthumb -Wl,--start-group -lc -lm -Wl,--end-group
Finished building target: cv8.elf
 
arm-none-eabi-size  cv8.elf 
arm-none-eabi-objdump -h -S cv8.elf  > "cv8.list"
   text	   data	    bss	    dec	    hex	filename
  18208	    104	   2616	  20928	   51c0	cv8.elf
Finished building: default.size.stdout
 
Finished building: cv8.list
 
11:56:15 **** Incremental Build of configuration Debug for project cv8 ****
make -j16 all 
arm-none-eabi-gcc "../Core/Src/main.c" -mcpu=cortex-m4 -std=gnu11 -g3 -DDEBUG -DUSE_HAL_DRIVER -DSTM32F429xx -c -I../Core/Inc -I../Drivers/STM32F4xx_HAL_Driver/Inc -I../Drivers/STM32F4xx_HAL_Driver/Inc/Legacy -I../Drivers/CMSIS/Device/ST/STM32F4xx/Include -I../Drivers/CMSIS/Include -O0 -ffunction-sections -fdata-sections -Wall -fstack-usage -fcyclomatic-complexity -MMD -MP -MF"Core/Src/main.d" -MT"Core/Src/main.o" --specs=nano.specs -mfpu=fpv4-sp-d16 -mfloat-abi=hard -mthumb -o "Core/Src/main.o"
arm-none-eabi-gcc -o "cv8.elf" @"objects.list"   -mcpu=cortex-m4 -T"C:\Users\User\Documents\VUT\MKS\cv8\STM32F429ZITX_FLASH.ld" --specs=nosys.specs -Wl,-Map="cv8.map" -Wl,--gc-sections -static --specs=nano.specs -mfpu=fpv4-sp-d16 -mfloat-abi=hard -mthumb -Wl,--start-group -lc -lm -Wl,--end-group
Finished building target: cv8.elf
 
arm-none-eabi-size  cv8.elf 
arm-none-eabi-objdump -h -S cv8.elf  > "cv8.list"
   text	   data	    bss	    dec	    hex	filename
  18208	    104	   2616	  20928	   51c0	cv8.elf
Finished building: default.size.stdout
 
Finished building: cv8.list
 
12:02:49 **** Incremental Build of configuration Debug for project cv8 ****
make -j16 all 
arm-none-eabi-gcc "../Core/Src/main.c" -mcpu=cortex-m4 -std=gnu11 -g3 -DDEBUG -DUSE_HAL_DRIVER -DSTM32F429xx -c -I../Core/Inc -I../Drivers/STM32F4xx_HAL_Driver/Inc -I../Drivers/STM32F4xx_HAL_Driver/Inc/Legacy -I../Drivers/CMSIS/Device/ST/STM32F4xx/Include -I../Drivers/CMSIS/Include -O0 -ffunction-sections -fdata-sections -Wall -fstack-usage -fcyclomatic-complexity -MMD -MP -MF"Core/Src/main.d" -MT"Core/Src/main.o" --specs=nano.specs -mfpu=fpv4-sp-d16 -mfloat-abi=hard -mthumb -o "Core/Src/main.o"
arm-none-eabi-gcc -o "cv8.elf" @"objects.list"   -mcpu=cortex-m4 -T"C:\Users\User\Documents\VUT\MKS\cv8\STM32F429ZITX_FLASH.ld" --specs=nosys.specs -Wl,-Map="cv8.map" -Wl,--gc-sections -static --specs=nano.specs -mfpu=fpv4-sp-d16 -mfloat-abi=hard -mthumb -Wl,--start-group -lc -lm -Wl,--end-group
Finished building target: cv8.elf
 
arm-none-eabi-size  cv8.elf 
arm-none-eabi-objdump -h -S cv8.elf  > "cv8.list"
   text	   data	    bss	    dec	    hex	filename
  18220	    104	   2624	  20948	   51d4	cv8.elf
Finished building: default.size.stdout
 
Finished building: cv8.list
 
